================================================
  Tundemy — HeyGen Video Generator
  Track courses: ai-data-analysis, whatsapp-ai-integration
  Total lessons: 17
================================================

Generating video 1 of 17: [AI for Data and Decisions] - Welcome to AI for Data and Decisions
   Presenter: Amara  |  Script: 644 chars
   Attempt 1/3 — submitting to HeyGen...
   Submitted. video_id: d65fb5d5509f49479fa344cdcd033b09
   Polling for completion...
    waiting — status: waiting (30s elapsed, checking again in 30s)
    waiting — status: processing (60s elapsed, checking again in 30s)
    waiting — status: processing (90s elapsed, checking again in 30s)
    waiting — status: processing (120s elapsed, checking again in 30s)
    waiting — status: processing (150s elapsed, checking again in 30s)
    waiting — status: processing (180s elapsed, checking again in 30s)
   Complete — duration: 43.2s
   Saved 13.7 MB to C:\Users\kioko\skilara\public\videos\ai-data-analysis\ai-data-analysis_L0_Welcome_to_AI_for_Data_and_Decisions.mp4
   Done: ai-data-analysis_0

Generating video 2 of 17: [AI for Data and Decisions] - Thinking in Questions — The Analyst Mindset
   Presenter: Amara  |  Script: 1184 chars
   Attempt 1/3 — submitting to HeyGen...
   Submitted. video_id: 03d696f61fec42848004b08be2fd1c6e
   Polling for completion...
    waiting — status: waiting (30s elapsed, checking again in 30s)
    waiting — status: processing (60s elapsed, checking again in 30s)
    waiting — status: processing (90s elapsed, checking again in 30s)
    waiting — status: processing (120s elapsed, checking again in 30s)
    waiting — status: processing (150s elapsed, checking again in 30s)
    waiting — status: processing (180s elapsed, checking again in 30s)
   Complete — duration: 79.3s
   Saved 23.9 MB to C:\Users\kioko\skilara\public\videos\ai-data-analysis\ai-data-analysis_L1_Thinking_in_Questions_The_Analyst_Mindset.mp4
   Done: ai-data-analysis_1

Generating video 3 of 17: [AI for Data and Decisions] - Data Quality and Cleaning with AI
   Presenter: Amara  |  Script: 1798 chars
   Attempt 1/3 — submitting to HeyGen...
   Submitted. video_id: e2602dba95094cc9bffdc938aaf07685
   Polling for completion...
    waiting — status: waiting (30s elapsed, checking again in 30s)
    waiting — status: processing (60s elapsed, checking again in 30s)
    waiting — status: processing (90s elapsed, checking again in 30s)
    waiting — status: processing (120s elapsed, checking again in 30s)
    waiting — status: processing (150s elapsed, checking again in 30s)
    waiting — status: processing (180s elapsed, checking again in 30s)
    waiting — status: processing (210s elapsed, checking again in 30s)
    waiting — status: processing (240s elapsed, checking again in 30s)
    waiting — status: processing (270s elapsed, checking again in 30s)
    waiting — status: processing (300s elapsed, checking again in 30s)
    waiting — status: processing (330s elapsed, checking again in 30s)
    waiting — status: processing (360s elapsed, checking again in 30s)
    waiting — status: processing (390s elapsed, checking again in 30s)
    waiting — status: processing (420s elapsed, checking again in 30s)
    waiting — status: processing (450s elapsed, checking again in 30s)
    waiting — status: processing (480s elapsed, checking again in 30s)
    waiting — status: processing (510s elapsed, checking again in 30s)
    waiting — status: processing (540s elapsed, checking again in 30s)
    waiting — status: processing (570s elapsed, checking again in 30s)
    waiting — status: processing (600s elapsed, checking again in 30s)
   Complete — duration: 138.0s
   Saved 41.1 MB to C:\Users\kioko\skilara\public\videos\ai-data-analysis\ai-data-analysis_L2_Data_Quality_and_Cleaning_with_AI.mp4
   Done: ai-data-analysis_2

Generating video 4 of 17: [AI for Data and Decisions] - Descriptive Analysis — Finding What the Data Says
   Presenter: Amara  |  Script: 551 chars
   Attempt 1/3 — submitting to HeyGen...
   Submitted. video_id: 9e11aabd3ecf45b991bc7ddb4ad534af
   Polling for completion...
    waiting — status: waiting (30s elapsed, checking again in 30s)
    waiting — status: processing (60s elapsed, checking again in 30s)
    waiting — status: processing (90s elapsed, checking again in 30s)
    waiting — status: processing (120s elapsed, checking again in 30s)
   Complete — duration: 38.7s
   Saved 11.8 MB to C:\Users\kioko\skilara\public\videos\ai-data-analysis\ai-data-analysis_L3_Descriptive_Analysis_Finding_What_the_Data_Says.mp4
   Done: ai-data-analysis_3

Generating video 5 of 17: [AI for Data and Decisions] - Pattern Finding and Anomaly Detection
   Presenter: Amara  |  Script: 1877 chars
   Attempt 1/3 — submitting to HeyGen...
   Submitted. video_id: 79a6fd86c1504e1684705a175c187264
   Polling for completion...
    waiting — status: waiting (30s elapsed, checking again in 30s)
    waiting — status: processing (60s elapsed, checking again in 30s)
    waiting — status: processing (90s elapsed, checking again in 30s)
    waiting — status: processing (120s elapsed, checking again in 30s)
    waiting — status: processing (150s elapsed, checking again in 30s)
    waiting — status: processing (180s elapsed, checking again in 30s)
    waiting — status: processing (210s elapsed, checking again in 30s)
    waiting — status: processing (240s elapsed, checking again in 30s)
    waiting — status: processing (270s elapsed, checking again in 30s)
   Complete — duration: 132.5s
   Saved 39.9 MB to C:\Users\kioko\skilara\public\videos\ai-data-analysis\ai-data-analysis_L4_Pattern_Finding_and_Anomaly_Detection.mp4
   Done: ai-data-analysis_4

Generating video 6 of 17: [AI for Data and Decisions] - Visualisation and Executive Storytelling
   Presenter: Amara  |  Script: 565 chars
   Attempt 1/3 — submitting to HeyGen...
   Submitted. video_id: 3b50ef429b614fa0a912788578839d83
   Polling for completion...
    waiting — status: waiting (30s elapsed, checking again in 30s)
    waiting — status: processing (60s elapsed, checking again in 30s)
    waiting — status: processing (90s elapsed, checking again in 30s)
    waiting — status: processing (120s elapsed, checking again in 30s)
   Complete — duration: 40.1s
   Saved 12.1 MB to C:\Users\kioko\skilara\public\videos\ai-data-analysis\ai-data-analysis_L5_Visualisation_and_Executive_Storytelling.mp4
   Done: ai-data-analysis_5

Generating video 7 of 17: [AI for Data and Decisions] - Automated Reporting — Build It Once, Run It Every Week
   Presenter: Amara  |  Script: 1314 chars
   Attempt 1/3 — submitting to HeyGen...
   Submitted. video_id: 8531a8540a7848f4ac6404e4014e7259
   Polling for completion...
    waiting — status: waiting (30s elapsed, checking again in 30s)
    waiting — status: processing (60s elapsed, checking again in 30s)
    waiting — status: processing (90s elapsed, checking again in 30s)
    waiting — status: processing (120s elapsed, checking again in 30s)
    waiting — status: processing (150s elapsed, checking again in 30s)
    waiting — status: processing (180s elapsed, checking again in 30s)
    waiting — status: processing (210s elapsed, checking again in 30s)
    waiting — status: processing (240s elapsed, checking again in 30s)
   Complete — duration: 85.6s
   Saved 25.8 MB to C:\Users\kioko\skilara\public\videos\ai-data-analysis\ai-data-analysis_L6_Automated_Reporting_Build_It_Once_Run_It_Every_Week.mp4
   Done: ai-data-analysis_6

Generating video 8 of 17: [AI for Data and Decisions] - Final Project: Business Intelligence Report — Savannah Foods
   Presenter: Amara  |  Script: 426 chars
   Attempt 1/3 — submitting to HeyGen...
   Submitted. video_id: fa92f8fe8e904642a4d9cf5ca90dd610
   Polling for completion...
    waiting — status: waiting (30s elapsed, checking again in 30s)
    waiting — status: processing (60s elapsed, checking again in 30s)
    waiting — status: processing (90s elapsed, checking again in 30s)
    waiting — status: processing (120s elapsed, checking again in 30s)
    waiting — status: processing (150s elapsed, checking again in 30s)
   Complete — duration: 30.4s
   Saved 9.7 MB to C:\Users\kioko\skilara\public\videos\ai-data-analysis\ai-data-analysis_L7_Final_Project_Business_Intelligence_Report_Savannah_Foods.mp4
   Done: ai-data-analysis_7

Generating video 9 of 17: [WhatsApp Business AI] - Welcome to WhatsApp Business AI
   Presenter: Jabari  |  Script: 665 chars
   Attempt 1/3 — submitting to HeyGen...
   Submitted. video_id: 13a01077866040feb83a16f33c64017c
   Polling for completion...
    waiting — status: waiting (30s elapsed, checking again in 30s)
    waiting — status: processing (60s elapsed, checking again in 30s)
    waiting — status: processing (90s elapsed, checking again in 30s)
    waiting — status: processing (120s elapsed, checking again in 30s)
    waiting — status: processing (150s elapsed, checking again in 30s)
    waiting — status: processing (180s elapsed, checking again in 30s)
    waiting — status: processing (210s elapsed, checking again in 30s)
   Complete — duration: 45.1s
   Saved 6.4 MB to C:\Users\kioko\skilara\public\videos\whatsapp-ai-integration\whatsapp-ai-integration_L0_Welcome_to_WhatsApp_Business_AI.mp4
   Done: whatsapp-ai-integration_0

Generating video 10 of 17: [WhatsApp Business AI] - WhatsApp Business Platform — What It Is and Why It Matters
   Presenter: Jabari  |  Script: 1659 chars
   Attempt 1/3 — submitting to HeyGen...
   Submitted. video_id: 662895b54b8f47e8a806ff5d4b65b575
   Polling for completion...
    waiting — status: waiting (30s elapsed, checking again in 30s)
    waiting — status: processing (60s elapsed, checking again in 30s)
    waiting — status: processing (90s elapsed, checking again in 30s)
